(gd(9)E
lcm(34)E
*log(43)E
fib(+34)E
4+5+E
gd(43)*(5+fib(33)))E